<html>
<body>
<pre>
<h1>礦ision Build Log</h1>
<h2>Tool Versions:</h2>
IDE-Version: μVision V5.14.0.0
Copyright (C) 2015 ARM Ltd and ARM Germany GmbH. All rights reserved.
License Information: 1 AutoBVT, Microsoft, LIC=ZB445-GXYKH-2LMCT-RTXJ6-6BJKA-JGEDC
 
Tool Versions:
Toolchain:       MDK-ARM Standard  Version: 5.14.0.0
Toolchain Path:  C:\Keil_v5\ARM\ARMCC\Bin
C Compiler:      Armcc.exe V5.05 update 1 (build 106)
Assembler:       Armasm.exe V5.05 update 1 (build 106)
Linker/Locator:  ArmLink.exe V5.05 update 1 (build 106)
Library Manager: ArmAr.exe V5.05 update 1 (build 106)
Hex Converter:   FromElf.exe V5.05 update 1 (build 106)
CPU DLL:         SARMCM3.DLL V5.14.0.0
Dialog DLL:      DCM.DLL V1.13.1.0
Target DLL:      Segger\JL2CM3.dll V2.99.13.0
Dialog DLL:      TCM.DLL V1.14.4.0
 
<h2>Project:</h2>
C:\Users\stl\Desktop\实验4\USART自收发LCD显示\USER\LCD.uvprojx
Project File Date:  06/06/2025

<h2>Output:</h2>
Rebuild target 'LCD'
compiling main.c...
main.c(30): warning:  #223-D: function "uart1_init" declared implicitly
        uart1_init(115200);
main.c: 1 warning, 0 errors
compiling stm32f4xx_it.c...
compiling system_stm32f4xx.c...
compiling led.c...
compiling 12864.c...
compiling led.c...
compiling key.c...
compiling exti.c...
..\HARDWARE\EXTI\exti.c(27): warning:  #1-D: last line of file ends without a newline
  }
..\HARDWARE\EXTI\exti.c: 1 warning, 0 errors
compiling delay.c...
compiling sys.c...
compiling usart.c...
assembling startup_stm32f40_41xxx.s...
compiling misc.c...
compiling stm32f4xx_gpio.c...
compiling stm32f4xx_rcc.c...
compiling stm32f4xx_syscfg.c...
compiling stm32f4xx_usart.c...
compiling stm32f4xx_exti.c...
linking...
..\OBJ\LCD.axf: Warning: L6304W: Duplicate input file ..\obj\led_1.o ignored.
Program Size: Code=3756 RO-data=424 RW-data=1116 ZI-data=1836  
Finished: 0 information, 1 warning and 0 error messages.
FromELF: creating hex file...
"..\OBJ\LCD.axf" - 0 Error(s), 3 Warning(s).

<h2>Collection of Component include folders:</h2>
  C:\Users\stl\Desktop\实验4\USART自收发LCD显示\USER\RTE
  C:\Keil_v5\ARM\PACK\Keil\STM32F4xx_DFP\1.0.8\Device\Include

<h2>Collection of Component Files used:</h2>
</pre>
</body>
</html>
